// Jest Snapshot v1, https://goo.gl/fbAQLP

exports[`renders the UI as expected 1`] = `
<div
  className="modal"
>
  <div
    className="modal-content"
  >
    <span
      className="close"
      onClick={[Function]}
    >
      Ã—
    </span>
    <img
      className="modal-image"
    />
    <br />
    <button
      onClick={[Function]}
    >
      Delete
    </button>
  </div>
</div>
`;
