// Jest Snapshot v1, https://goo.gl/fbAQLP

exports[`renders the UI as expected 1`] = `
<nav
  className="Header"
>
  <div
    className="Harold"
  >
    <h1>
      Harold
    </h1>
    <div>
      <img
        alt="Harold"
        id="Harold"
        src="Harold.jpg"
      />
    </div>
  </div>
  <div
    className="Header__not-logged-in"
  >
    <a
      aria-current="page"
      className="hover active"
      href="/"
      onClick={[Function]}
      style={Object {}}
    >
      Home
    </a>
     | 
    <a
      aria-current={null}
      className="hover"
      href="/about"
      onClick={[Function]}
    >
      About
    </a>
     | 
    <a
      aria-current={null}
      className="hover"
      href="/register"
      onClick={[Function]}
    >
      Register
    </a>
     | 
    <a
      aria-current={null}
      className="hover"
      href="/login"
      onClick={[Function]}
    >
      Login
    </a>
  </div>
</nav>
`;
