// Jest Snapshot v1, https://goo.gl/fbAQLP

exports[`renders the UI as expected 1`] = `
<div>
  <p
    className="about"
  >
    How does Harold work?!
  </p>
</div>
`;
